
> free-resume-builder@0.1.0 pretest:e2e
> node scripts/kill-port.js


> free-resume-builder@0.1.0 test:e2e
> playwright test


Running 285 tests using 1 worker

[1A[2K[1/285] [chromium] › e2e\builder.spec.ts:37:7 › Builder Page — load › should load the builder page
[1A[2K[2/285] [chromium] › e2e\builder.spec.ts:42:7 › Builder Page — load › should display the resume form panel
[1A[2K[3/285] [chromium] › e2e\builder.spec.ts:50:7 › Builder Page — load › should show a live preview panel on desktop
[1A[2K[4/285] [chromium] › e2e\builder.spec.ts:57:7 › Builder Page — load › should have a navigation header
[1A[2K[5/285] [chromium] › e2e\builder.spec.ts:63:7 › Builder Page — load › title includes Free Resume Builder
[1A[2K[6/285] [chromium] › e2e\builder.spec.ts:74:7 › Builder Page — Personal Info form › shows Full Name input field
[1A[2K[7/285] [chromium] › e2e\builder.spec.ts:80:7 › Builder Page — Personal Info form › shows Email input field
[1A[2K[8/285] [chromium] › e2e\builder.spec.ts:86:7 › Builder Page — Personal Info form › shows Phone input field
[1A[2K[9/285] [chromium] › e2e\builder.spec.ts:91:7 › Builder Page — Personal Info form › shows Location input field
[1A[2K[10/285] [chromium] › e2e\builder.spec.ts:96:7 › Builder Page — Personal Info form › can type in Full Name field
[1A[2K[11/285] [chromium] › e2e\builder.spec.ts:103:7 › Builder Page — Personal Info form › can type in Email field
[1A[2K[12/285] [chromium] › e2e\builder.spec.ts:110:7 › Builder Page — Personal Info form › typing full name updates the live preview
[1A[2K[13/285] [chromium] › e2e\builder.spec.ts:127:7 › Builder Page — Experience section › shows the Experience section
[1A[2K[14/285] [chromium] › e2e\builder.spec.ts:135:7 › Builder Page — Experience section › can add an experience entry
[1A[2K[15/285] [chromium] › e2e\builder.spec.ts:145:7 › Builder Page — Experience section › can fill in a job title after adding experience
[1A[2K[16/285] [chromium] › e2e\builder.spec.ts:155:7 › Builder Page — Experience section › can remove an experience entry
[1A[2K[17/285] [chromium] › e2e\builder.spec.ts:175:7 › Builder Page — Skills section › shows the Skills section
[1A[2K[18/285] [chromium] › e2e\builder.spec.ts:181:7 › Builder Page — Skills section › can add a skill
[1A[2K[19/285] [chromium] › e2e\builder.spec.ts:190:7 › Builder Page — Skills section › can fill in skill name
[1A[2K[20/285] [chromium] › e2e\builder.spec.ts:206:7 › Builder Page — Education section › shows the Education section
[1A[2K[21/285] [chromium] › e2e\builder.spec.ts:214:7 › Builder Page — Education section › can add an education entry
[1A[2K[22/285] [chromium] › e2e\builder.spec.ts:228:7 › Builder Page — Template switching › toolbar has a template selector
[1A[2K[23/285] [chromium] › e2e\builder.spec.ts:243:7 › Builder Page — PDF Download › shows the Download PDF button
[1A[2K[24/285] [chromium] › e2e\builder.spec.ts:257:7 › Builder Page — Share link › shows a Share or Copy Link button
[1A[2K[25/285] [chromium] › e2e\builder.spec.ts:271:7 › Builder Page — Undo/Redo › shows undo and redo buttons in toolbar
[1A[2K[26/285] [chromium] › e2e\builder.spec.ts:283:7 › Builder Page — Mobile layout › shows a "Preview" button on mobile viewport
[1A[2K[27/285] [chromium] › e2e\builder.spec.ts:297:7 › Builder Page — Personal info preview roundtrip › name and email entered in form appear in the live preview
[1A[2K[28/285] [chromium] › e2e\builder.spec.ts:310:7 › Builder Page — Personal info preview roundtrip › job title entered in experience appears in live preview
[1A[2K[29/285] [chromium] › e2e\builder.spec.ts:336:7 › Builder Page — Navigation › has a link back to the home page
[1A[2K[30/285] [chromium] › e2e\builder.spec.ts:344:7 › Builder Page — Navigation › has a link to the templates page
[1A[2K[31/285] [chromium] › e2e\home.spec.ts:4:7 › Home Page › should load the home page
[1A[2K[32/285] [chromium] › e2e\home.spec.ts:9:7 › Home Page › should display the hero section
[1A[2K[33/285] [chromium] › e2e\home.spec.ts:17:7 › Home Page › should have a start building button
[1A[2K[34/285] [chromium] › e2e\home.spec.ts:23:7 › Home Page › should navigate to builder page
[1A[2K[35/285] [chromium] › e2e\home.spec.ts:29:7 › Home Page › should display features section
[1A[2K[36/285] [chromium] › e2e\preview.spec.ts:85:7 › Preview Page — no hash › shows error state when there is no hash fragment
[1A[2K[37/285] [chromium] › e2e\preview.spec.ts:96:7 › Preview Page — no hash › shows a CTA to build a resume when no hash present
[1A[2K[38/285] [chromium] › e2e\preview.spec.ts:113:7 › Preview Page — invalid hash › shows error state for garbage hash
[1A[2K[39/285] [chromium] › e2e\preview.spec.ts:122:7 › Preview Page — invalid hash › shows error state for valid base64 but invalid schema data
[1A[2K[40/285] [chromium] › e2e\preview.spec.ts:135:7 › Preview Page — invalid hash › invalid state includes a link to /builder
[1A[2K[41/285] [chromium] › e2e\preview.spec.ts:151:7 › Preview Page — valid encoded resume › renders the resume preview for a valid hash
[1A[2K[42/285] [chromium] › e2e\preview.spec.ts:161:7 › Preview Page — valid encoded resume › shows the resume owner's full name
[1A[2K[43/285] [chromium] › e2e\preview.spec.ts:168:7 › Preview Page — valid encoded resume › shows the job title from experience
[1A[2K[44/285] [chromium] › e2e\preview.spec.ts:175:7 › Preview Page — valid encoded resume › shows the company name from experience
[1A[2K[45/285] [chromium] › e2e\preview.spec.ts:182:7 › Preview Page — valid encoded resume › shows a skill name in the preview
[1A[2K[46/285] [chromium] › e2e\preview.spec.ts:189:7 › Preview Page — valid encoded resume › shows school name from education
[1A[2K[47/285] [chromium] › e2e\preview.spec.ts:202:7 › Preview Page — Preview CTA › shows a CTA to build own resume or use same template
[1A[2K[48/285] [chromium] › e2e\preview.spec.ts:215:7 › Preview Page — Preview CTA › CTA links to /builder or /builder?template=modern
[1A[2K[49/285] [chromium] › e2e\preview.spec.ts:234:7 › Preview Page — Preview CTA › page title includes Resume Preview
[1A[2K[50/285] [chromium] › e2e\preview.spec.ts:249:9 › Preview Page — template variants › renders classic template preview
[1A[2K[51/285] [chromium] › e2e\preview.spec.ts:249:9 › Preview Page — template variants › renders minimal template preview
[1A[2K[52/285] [chromium] › e2e\preview.spec.ts:249:9 › Preview Page — template variants › renders creative template preview
[1A[2K[53/285] [chromium] › e2e\preview.spec.ts:249:9 › Preview Page — template variants › renders professional template preview
[1A[2K[54/285] [chromium] › e2e\sharing.spec.ts:58:7 › Preview Page — no hash › loads /preview without crashing
[1A[2K[55/285] [chromium] › e2e\sharing.spec.ts:64:7 › Preview Page — no hash › shows some UI when no hash is present
[1A[2K[56/285] [chromium] › e2e\sharing.spec.ts:77:7 › Preview Page — valid encoded hash (store codec) › loads a resume from a valid base64 hash and shows the name
[1A[2K[57/285] [chromium] › e2e\sharing.spec.ts:89:7 › Preview Page — valid encoded hash (store codec) › shows the resume email in the preview
[1A[2K[58/285] [chromium] › e2e\sharing.spec.ts:103:7 › Preview Page — invalid hash › does not crash on a completely invalid hash
[1A[2K[59/285] [chromium] › e2e\sharing.spec.ts:110:7 › Preview Page — invalid hash › does not crash on a hash that decodes to non-resume JSON
[1A[2K[60/285] [chromium] › e2e\sharing.spec.ts:125:7 › Preview Page — no-account CTA › shows a link or button to build a resume for free
[1A[2K[61/285] [chromium] › e2e\sharing.spec.ts:139:7 › Preview Page — no-account CTA › has a download PDF button or link on the preview page
[1A[2K[62/285] [chromium] › e2e\sharing.spec.ts:160:7 › Builder — Share button copies a /preview URL › clicking Share button copies a URL to clipboard
[1A[2K[63/285] [chromium] › e2e\sharing.spec.ts:213:9 › Preview Page — template from URL hash › loads modern template from hash
[1A[2K[64/285] [chromium] › e2e\sharing.spec.ts:213:9 › Preview Page — template from URL hash › loads classic template from hash
[1A[2K[65/285] [chromium] › e2e\sharing.spec.ts:213:9 › Preview Page — template from URL hash › loads minimal template from hash
[1A[2K[66/285] [chromium] › e2e\sharing.spec.ts:213:9 › Preview Page — template from URL hash › loads creative template from hash
[1A[2K[67/285] [chromium] › e2e\sharing.spec.ts:213:9 › Preview Page — template from URL hash › loads professional template from hash
[1A[2K[68/285] [chromium] › e2e\templates.spec.ts:28:7 › Templates Page — load › loads the /templates page successfully
[1A[2K[69/285] [chromium] › e2e\templates.spec.ts:33:7 › Templates Page — load › page title contains "Templates"
[1A[2K[70/285] [chromium] › e2e\templates.spec.ts:38:7 › Templates Page — load › renders an h1 heading
[1A[2K[71/285] [chromium] › e2e\templates.spec.ts:44:7 › Templates Page — load › h1 heading mentions templates or resume
[1A[2K[72/285] [chromium] › e2e\templates.spec.ts:57:7 › Templates Page — template sections › renders exactly 5 template sections
[1A[2K[73/285] [chromium] › e2e\templates.spec.ts:65:9 › Templates Page — template sections › renders article section for "modern" template
[1A[2K[74/285] [chromium] › e2e\templates.spec.ts:65:9 › Templates Page — template sections › renders article section for "classic" template
[1A[2K[75/285] [chromium] › e2e\templates.spec.ts:65:9 › Templates Page — template sections › renders article section for "minimal" template
[1A[2K[76/285] [chromium] › e2e\templates.spec.ts:65:9 › Templates Page — template sections › renders article section for "creative" template
[1A[2K[77/285] [chromium] › e2e\templates.spec.ts:65:9 › Templates Page — template sections › renders article section for "professional" template
[1A[2K[78/285] [chromium] › e2e\templates.spec.ts:72:7 › Templates Page — template sections › renders at least 5 h2 template name headings
[1A[2K[79/285] [chromium] › e2e\templates.spec.ts:85:7 › Templates Page — Use This Template CTAs › renders 5 "Use This Template" CTA links
[1A[2K[80/285] [chromium] › e2e\templates.spec.ts:92:9 › Templates Page — Use This Template CTAs › "Use This Template" for modern links to /builder?template=modern
[1A[2K[81/285] [chromium] › e2e\templates.spec.ts:92:9 › Templates Page — Use This Template CTAs › "Use This Template" for classic links to /builder?template=classic
[1A[2K[82/285] [chromium] › e2e\templates.spec.ts:92:9 › Templates Page — Use This Template CTAs › "Use This Template" for minimal links to /builder?template=minimal
[1A[2K[83/285] [chromium] › e2e\templates.spec.ts:92:9 › Templates Page — Use This Template CTAs › "Use This Template" for creative links to /builder?template=creative
[1A[2K[84/285] [chromium] › e2e\templates.spec.ts:92:9 › Templates Page — Use This Template CTAs › "Use This Template" for professional links to /builder?template=professional
[1A[2K[85/285] [chromium] › e2e\templates.spec.ts:103:7 › Templates Page — Use This Template CTAs › clicking "Use This Template" navigates to /builder
[1A[2K[86/285] [chromium] › e2e\templates.spec.ts:120:7 › Templates Page — preview sample data › at least one preview shows "Alex Johnson"
[1A[2K[87/285] [chromium] › e2e\templates.spec.ts:125:7 › Templates Page — preview sample data › previews show a job title
[1A[2K[88/285] [chromium] › e2e\templates.spec.ts:133:7 › Templates Page — preview sample data › scaled preview containers use CSS transform
[1A[2K[89/285] [chromium] › e2e\templates.spec.ts:151:7 › Templates Page — anti-paywall messaging › page mentions Zety as a competitor
[1A[2K[90/285] [chromium] › e2e\templates.spec.ts:156:7 › Templates Page — anti-paywall messaging › page references no paywall
[1A[2K[91/285] [chromium] › e2e\templates.spec.ts:162:7 › Templates Page — anti-paywall messaging › page has at least one link to /builder
[1A[2K[92/285] [chromium] › e2e\templates.spec.ts:176:7 › Templates Page — navigation › has a navigation header visible
[1A[2K[93/285] [chromium] › e2e\templates.spec.ts:181:7 › Templates Page — navigation › has a link back to the home page or brand name
[1A[2K[94/285] [chromium] › e2e\templates.spec.ts:189:7 › Templates Page — navigation › has a link to the /builder page in the nav
[1A[2K[95/285] [chromium] › e2e\templates.spec.ts:195:7 › Templates Page — navigation › renders a footer
[1A[2K[96/285] [firefox] › e2e\builder.spec.ts:37:7 › Builder Page — load › should load the builder page
[1A[2K[97/285] [firefox] › e2e\builder.spec.ts:42:7 › Builder Page — load › should display the resume form panel
[1A[2K[98/285] [firefox] › e2e\builder.spec.ts:50:7 › Builder Page — load › should show a live preview panel on desktop
[1A[2K[99/285] [firefox] › e2e\builder.spec.ts:57:7 › Builder Page — load › should have a navigation header
[1A[2K[100/285] [firefox] › e2e\builder.spec.ts:63:7 › Builder Page — load › title includes Free Resume Builder
[1A[2K[101/285] [firefox] › e2e\builder.spec.ts:74:7 › Builder Page — Personal Info form › shows Full Name input field
[1A[2K[102/285] [firefox] › e2e\builder.spec.ts:80:7 › Builder Page — Personal Info form › shows Email input field
[1A[2K[103/285] [firefox] › e2e\builder.spec.ts:86:7 › Builder Page — Personal Info form › shows Phone input field
[1A[2K[104/285] [firefox] › e2e\builder.spec.ts:91:7 › Builder Page — Personal Info form › shows Location input field
[1A[2K[105/285] [firefox] › e2e\builder.spec.ts:96:7 › Builder Page — Personal Info form › can type in Full Name field
[1A[2K[106/285] [firefox] › e2e\builder.spec.ts:103:7 › Builder Page — Personal Info form › can type in Email field
[1A[2K[107/285] [firefox] › e2e\builder.spec.ts:110:7 › Builder Page — Personal Info form › typing full name updates the live preview
[1A[2K[108/285] [firefox] › e2e\builder.spec.ts:127:7 › Builder Page — Experience section › shows the Experience section
[1A[2K[109/285] [firefox] › e2e\builder.spec.ts:135:7 › Builder Page — Experience section › can add an experience entry
[1A[2K[110/285] [firefox] › e2e\builder.spec.ts:145:7 › Builder Page — Experience section › can fill in a job title after adding experience
[1A[2K[111/285] [firefox] › e2e\builder.spec.ts:155:7 › Builder Page — Experience section › can remove an experience entry
[1A[2K[112/285] [firefox] › e2e\builder.spec.ts:175:7 › Builder Page — Skills section › shows the Skills section
[1A[2K[113/285] [firefox] › e2e\builder.spec.ts:181:7 › Builder Page — Skills section › can add a skill
[1A[2K[114/285] [firefox] › e2e\builder.spec.ts:190:7 › Builder Page — Skills section › can fill in skill name
[1A[2K[115/285] [firefox] › e2e\builder.spec.ts:206:7 › Builder Page — Education section › shows the Education section
[1A[2K[116/285] [firefox] › e2e\builder.spec.ts:214:7 › Builder Page — Education section › can add an education entry
[1A[2K[117/285] [firefox] › e2e\builder.spec.ts:228:7 › Builder Page — Template switching › toolbar has a template selector
[1A[2K[118/285] [firefox] › e2e\builder.spec.ts:243:7 › Builder Page — PDF Download › shows the Download PDF button
[1A[2K[119/285] [firefox] › e2e\builder.spec.ts:257:7 › Builder Page — Share link › shows a Share or Copy Link button
[1A[2K[120/285] [firefox] › e2e\builder.spec.ts:271:7 › Builder Page — Undo/Redo › shows undo and redo buttons in toolbar
[1A[2K[121/285] [firefox] › e2e\builder.spec.ts:283:7 › Builder Page — Mobile layout › shows a "Preview" button on mobile viewport
[1A[2K[122/285] [firefox] › e2e\builder.spec.ts:297:7 › Builder Page — Personal info preview roundtrip › name and email entered in form appear in the live preview
[1A[2K[123/285] [firefox] › e2e\builder.spec.ts:310:7 › Builder Page — Personal info preview roundtrip › job title entered in experience appears in live preview
[1A[2K[124/285] [firefox] › e2e\builder.spec.ts:336:7 › Builder Page — Navigation › has a link back to the home page
[1A[2K[125/285] [firefox] › e2e\builder.spec.ts:344:7 › Builder Page — Navigation › has a link to the templates page
[1A[2K[126/285] [firefox] › e2e\home.spec.ts:4:7 › Home Page › should load the home page
[1A[2K[127/285] [firefox] › e2e\home.spec.ts:9:7 › Home Page › should display the hero section
[1A[2K[128/285] [firefox] › e2e\home.spec.ts:17:7 › Home Page › should have a start building button
[1A[2K[129/285] [firefox] › e2e\home.spec.ts:23:7 › Home Page › should navigate to builder page
[1A[2K[130/285] [firefox] › e2e\home.spec.ts:29:7 › Home Page › should display features section
[1A[2K[131/285] [firefox] › e2e\preview.spec.ts:85:7 › Preview Page — no hash › shows error state when there is no hash fragment
[1A[2K[132/285] [firefox] › e2e\preview.spec.ts:96:7 › Preview Page — no hash › shows a CTA to build a resume when no hash present
[1A[2K[133/285] [firefox] › e2e\preview.spec.ts:113:7 › Preview Page — invalid hash › shows error state for garbage hash
[1A[2K[134/285] [firefox] › e2e\preview.spec.ts:122:7 › Preview Page — invalid hash › shows error state for valid base64 but invalid schema data
[1A[2K[135/285] [firefox] › e2e\preview.spec.ts:135:7 › Preview Page — invalid hash › invalid state includes a link to /builder
[1A[2K[136/285] [firefox] › e2e\preview.spec.ts:151:7 › Preview Page — valid encoded resume › renders the resume preview for a valid hash
[1A[2K[137/285] [firefox] › e2e\preview.spec.ts:161:7 › Preview Page — valid encoded resume › shows the resume owner's full name
[1A[2K[138/285] [firefox] › e2e\preview.spec.ts:168:7 › Preview Page — valid encoded resume › shows the job title from experience
[1A[2K[139/285] [firefox] › e2e\preview.spec.ts:175:7 › Preview Page — valid encoded resume › shows the company name from experience
[1A[2K[140/285] [firefox] › e2e\preview.spec.ts:182:7 › Preview Page — valid encoded resume › shows a skill name in the preview
[1A[2K[141/285] [firefox] › e2e\preview.spec.ts:189:7 › Preview Page — valid encoded resume › shows school name from education
[1A[2K[142/285] [firefox] › e2e\preview.spec.ts:202:7 › Preview Page — Preview CTA › shows a CTA to build own resume or use same template
[1A[2K[143/285] [firefox] › e2e\preview.spec.ts:215:7 › Preview Page — Preview CTA › CTA links to /builder or /builder?template=modern
[1A[2K[144/285] [firefox] › e2e\preview.spec.ts:234:7 › Preview Page — Preview CTA › page title includes Resume Preview
[1A[2K[145/285] [firefox] › e2e\preview.spec.ts:249:9 › Preview Page — template variants › renders classic template preview
[1A[2K[146/285] [firefox] › e2e\preview.spec.ts:249:9 › Preview Page — template variants › renders minimal template preview
[1A[2K[147/285] [firefox] › e2e\preview.spec.ts:249:9 › Preview Page — template variants › renders creative template preview
[1A[2K[148/285] [firefox] › e2e\preview.spec.ts:249:9 › Preview Page — template variants › renders professional template preview
[1A[2K[149/285] [firefox] › e2e\sharing.spec.ts:58:7 › Preview Page — no hash › loads /preview without crashing
[1A[2K[150/285] [firefox] › e2e\sharing.spec.ts:64:7 › Preview Page — no hash › shows some UI when no hash is present
[1A[2K[151/285] [firefox] › e2e\sharing.spec.ts:77:7 › Preview Page — valid encoded hash (store codec) › loads a resume from a valid base64 hash and shows the name
[1A[2K[152/285] [firefox] › e2e\sharing.spec.ts:89:7 › Preview Page — valid encoded hash (store codec) › shows the resume email in the preview
[1A[2K[153/285] [firefox] › e2e\sharing.spec.ts:103:7 › Preview Page — invalid hash › does not crash on a completely invalid hash
[1A[2K[154/285] [firefox] › e2e\sharing.spec.ts:110:7 › Preview Page — invalid hash › does not crash on a hash that decodes to non-resume JSON
[1A[2K[155/285] [firefox] › e2e\sharing.spec.ts:125:7 › Preview Page — no-account CTA › shows a link or button to build a resume for free
[1A[2K[156/285] [firefox] › e2e\sharing.spec.ts:139:7 › Preview Page — no-account CTA › has a download PDF button or link on the preview page
[1A[2K[157/285] [firefox] › e2e\sharing.spec.ts:160:7 › Builder — Share button copies a /preview URL › clicking Share button copies a URL to clipboard
[1A[2K[158/285] [firefox] › e2e\sharing.spec.ts:213:9 › Preview Page — template from URL hash › loads modern template from hash
[1A[2K[159/285] [firefox] › e2e\sharing.spec.ts:213:9 › Preview Page — template from URL hash › loads classic template from hash
[1A[2K[160/285] [firefox] › e2e\sharing.spec.ts:213:9 › Preview Page — template from URL hash › loads minimal template from hash
[1A[2K[161/285] [firefox] › e2e\sharing.spec.ts:213:9 › Preview Page — template from URL hash › loads creative template from hash
[1A[2K[162/285] [firefox] › e2e\sharing.spec.ts:213:9 › Preview Page — template from URL hash › loads professional template from hash
[1A[2K[163/285] [firefox] › e2e\templates.spec.ts:28:7 › Templates Page — load › loads the /templates page successfully
[1A[2K[164/285] [firefox] › e2e\templates.spec.ts:33:7 › Templates Page — load › page title contains "Templates"
[1A[2K[165/285] [firefox] › e2e\templates.spec.ts:38:7 › Templates Page — load › renders an h1 heading
[1A[2K[166/285] [firefox] › e2e\templates.spec.ts:44:7 › Templates Page — load › h1 heading mentions templates or resume
[1A[2K[167/285] [firefox] › e2e\templates.spec.ts:57:7 › Templates Page — template sections › renders exactly 5 template sections
[1A[2K[168/285] [firefox] › e2e\templates.spec.ts:65:9 › Templates Page — template sections › renders article section for "modern" template
[1A[2K[169/285] [firefox] › e2e\templates.spec.ts:65:9 › Templates Page — template sections › renders article section for "classic" template
[1A[2K[170/285] [firefox] › e2e\templates.spec.ts:65:9 › Templates Page — template sections › renders article section for "minimal" template
[1A[2K[171/285] [firefox] › e2e\templates.spec.ts:65:9 › Templates Page — template sections › renders article section for "creative" template
[1A[2K[172/285] [firefox] › e2e\templates.spec.ts:65:9 › Templates Page — template sections › renders article section for "professional" template
[1A[2K[173/285] [firefox] › e2e\templates.spec.ts:72:7 › Templates Page — template sections › renders at least 5 h2 template name headings
[1A[2K[174/285] [firefox] › e2e\templates.spec.ts:85:7 › Templates Page — Use This Template CTAs › renders 5 "Use This Template" CTA links
[1A[2K[175/285] [firefox] › e2e\templates.spec.ts:92:9 › Templates Page — Use This Template CTAs › "Use This Template" for modern links to /builder?template=modern
[1A[2K[176/285] [firefox] › e2e\templates.spec.ts:92:9 › Templates Page — Use This Template CTAs › "Use This Template" for classic links to /builder?template=classic
[1A[2K[177/285] [firefox] › e2e\templates.spec.ts:92:9 › Templates Page — Use This Template CTAs › "Use This Template" for minimal links to /builder?template=minimal
[1A[2K[178/285] [firefox] › e2e\templates.spec.ts:92:9 › Templates Page — Use This Template CTAs › "Use This Template" for creative links to /builder?template=creative
[1A[2K[179/285] [firefox] › e2e\templates.spec.ts:92:9 › Templates Page — Use This Template CTAs › "Use This Template" for professional links to /builder?template=professional
[1A[2K[180/285] [firefox] › e2e\templates.spec.ts:103:7 › Templates Page — Use This Template CTAs › clicking "Use This Template" navigates to /builder
[1A[2K[181/285] [firefox] › e2e\templates.spec.ts:120:7 › Templates Page — preview sample data › at least one preview shows "Alex Johnson"
[1A[2K[182/285] [firefox] › e2e\templates.spec.ts:125:7 › Templates Page — preview sample data › previews show a job title
[1A[2K[183/285] [firefox] › e2e\templates.spec.ts:133:7 › Templates Page — preview sample data › scaled preview containers use CSS transform
[1A[2K[184/285] [firefox] › e2e\templates.spec.ts:151:7 › Templates Page — anti-paywall messaging › page mentions Zety as a competitor
[1A[2K[185/285] [firefox] › e2e\templates.spec.ts:156:7 › Templates Page — anti-paywall messaging › page references no paywall
[1A[2K[186/285] [firefox] › e2e\templates.spec.ts:162:7 › Templates Page — anti-paywall messaging › page has at least one link to /builder
[1A[2K[187/285] [firefox] › e2e\templates.spec.ts:176:7 › Templates Page — navigation › has a navigation header visible
[1A[2K[188/285] [firefox] › e2e\templates.spec.ts:181:7 › Templates Page — navigation › has a link back to the home page or brand name
[1A[2K[189/285] [firefox] › e2e\templates.spec.ts:189:7 › Templates Page — navigation › has a link to the /builder page in the nav
[1A[2K[190/285] [firefox] › e2e\templates.spec.ts:195:7 › Templates Page — navigation › renders a footer
[1A[2K[191/285] [webkit] › e2e\builder.spec.ts:37:7 › Builder Page — load › should load the builder page
[1A[2K[192/285] [webkit] › e2e\builder.spec.ts:42:7 › Builder Page — load › should display the resume form panel
[1A[2K[193/285] [webkit] › e2e\builder.spec.ts:50:7 › Builder Page — load › should show a live preview panel on desktop
[1A[2K[194/285] [webkit] › e2e\builder.spec.ts:57:7 › Builder Page — load › should have a navigation header
[1A[2K[195/285] [webkit] › e2e\builder.spec.ts:63:7 › Builder Page — load › title includes Free Resume Builder
[1A[2K[196/285] [webkit] › e2e\builder.spec.ts:74:7 › Builder Page — Personal Info form › shows Full Name input field
[1A[2K[197/285] [webkit] › e2e\builder.spec.ts:80:7 › Builder Page — Personal Info form › shows Email input field
[1A[2K[198/285] [webkit] › e2e\builder.spec.ts:86:7 › Builder Page — Personal Info form › shows Phone input field
[1A[2K[199/285] [webkit] › e2e\builder.spec.ts:91:7 › Builder Page — Personal Info form › shows Location input field
[1A[2K[200/285] [webkit] › e2e\builder.spec.ts:96:7 › Builder Page — Personal Info form › can type in Full Name field
[1A[2K[201/285] [webkit] › e2e\builder.spec.ts:103:7 › Builder Page — Personal Info form › can type in Email field
[1A[2K[202/285] [webkit] › e2e\builder.spec.ts:110:7 › Builder Page — Personal Info form › typing full name updates the live preview
[1A[2K[203/285] [webkit] › e2e\builder.spec.ts:127:7 › Builder Page — Experience section › shows the Experience section
[1A[2K[204/285] [webkit] › e2e\builder.spec.ts:135:7 › Builder Page — Experience section › can add an experience entry
[1A[2K[205/285] [webkit] › e2e\builder.spec.ts:145:7 › Builder Page — Experience section › can fill in a job title after adding experience
[1A[2K[206/285] [webkit] › e2e\builder.spec.ts:155:7 › Builder Page — Experience section › can remove an experience entry
[1A[2K[207/285] [webkit] › e2e\builder.spec.ts:175:7 › Builder Page — Skills section › shows the Skills section
[1A[2K[208/285] [webkit] › e2e\builder.spec.ts:181:7 › Builder Page — Skills section › can add a skill
[1A[2K[209/285] [webkit] › e2e\builder.spec.ts:190:7 › Builder Page — Skills section › can fill in skill name
[1A[2K[210/285] [webkit] › e2e\builder.spec.ts:206:7 › Builder Page — Education section › shows the Education section
[1A[2K[211/285] [webkit] › e2e\builder.spec.ts:214:7 › Builder Page — Education section › can add an education entry
[1A[2K[212/285] [webkit] › e2e\builder.spec.ts:228:7 › Builder Page — Template switching › toolbar has a template selector
[1A[2K[213/285] [webkit] › e2e\builder.spec.ts:243:7 › Builder Page — PDF Download › shows the Download PDF button
[1A[2K[214/285] [webkit] › e2e\builder.spec.ts:257:7 › Builder Page — Share link › shows a Share or Copy Link button
[1A[2K[215/285] [webkit] › e2e\builder.spec.ts:271:7 › Builder Page — Undo/Redo › shows undo and redo buttons in toolbar
[1A[2K[216/285] [webkit] › e2e\builder.spec.ts:283:7 › Builder Page — Mobile layout › shows a "Preview" button on mobile viewport
[1A[2K[217/285] [webkit] › e2e\builder.spec.ts:297:7 › Builder Page — Personal info preview roundtrip › name and email entered in form appear in the live preview
[1A[2K[218/285] [webkit] › e2e\builder.spec.ts:310:7 › Builder Page — Personal info preview roundtrip › job title entered in experience appears in live preview
[1A[2K[219/285] [webkit] › e2e\builder.spec.ts:336:7 › Builder Page — Navigation › has a link back to the home page
[1A[2K[220/285] [webkit] › e2e\builder.spec.ts:344:7 › Builder Page — Navigation › has a link to the templates page
[1A[2K[221/285] [webkit] › e2e\home.spec.ts:4:7 › Home Page › should load the home page
[1A[2K[222/285] [webkit] › e2e\home.spec.ts:9:7 › Home Page › should display the hero section
[1A[2K[223/285] [webkit] › e2e\home.spec.ts:17:7 › Home Page › should have a start building button
[1A[2K[224/285] [webkit] › e2e\home.spec.ts:23:7 › Home Page › should navigate to builder page
[1A[2K[225/285] [webkit] › e2e\home.spec.ts:29:7 › Home Page › should display features section
[1A[2K[226/285] [webkit] › e2e\preview.spec.ts:85:7 › Preview Page — no hash › shows error state when there is no hash fragment
[1A[2K[227/285] [webkit] › e2e\preview.spec.ts:96:7 › Preview Page — no hash › shows a CTA to build a resume when no hash present
[1A[2K[228/285] [webkit] › e2e\preview.spec.ts:113:7 › Preview Page — invalid hash › shows error state for garbage hash
[1A[2K[229/285] [webkit] › e2e\preview.spec.ts:122:7 › Preview Page — invalid hash › shows error state for valid base64 but invalid schema data
[1A[2K[230/285] [webkit] › e2e\preview.spec.ts:135:7 › Preview Page — invalid hash › invalid state includes a link to /builder
[1A[2K[231/285] [webkit] › e2e\preview.spec.ts:151:7 › Preview Page — valid encoded resume › renders the resume preview for a valid hash
[1A[2K[232/285] [webkit] › e2e\preview.spec.ts:161:7 › Preview Page — valid encoded resume › shows the resume owner's full name
[1A[2K[233/285] [webkit] › e2e\preview.spec.ts:168:7 › Preview Page — valid encoded resume › shows the job title from experience
[1A[2K[234/285] [webkit] › e2e\preview.spec.ts:175:7 › Preview Page — valid encoded resume › shows the company name from experience
[1A[2K[235/285] [webkit] › e2e\preview.spec.ts:182:7 › Preview Page — valid encoded resume › shows a skill name in the preview
[1A[2K[236/285] [webkit] › e2e\preview.spec.ts:189:7 › Preview Page — valid encoded resume › shows school name from education
[1A[2K[237/285] [webkit] › e2e\preview.spec.ts:202:7 › Preview Page — Preview CTA › shows a CTA to build own resume or use same template
[1A[2K[238/285] [webkit] › e2e\preview.spec.ts:215:7 › Preview Page — Preview CTA › CTA links to /builder or /builder?template=modern
[1A[2K[239/285] [webkit] › e2e\preview.spec.ts:234:7 › Preview Page — Preview CTA › page title includes Resume Preview
[1A[2K[240/285] [webkit] › e2e\preview.spec.ts:249:9 › Preview Page — template variants › renders classic template preview
[1A[2K[241/285] [webkit] › e2e\preview.spec.ts:249:9 › Preview Page — template variants › renders minimal template preview
[1A[2K[242/285] [webkit] › e2e\preview.spec.ts:249:9 › Preview Page — template variants › renders creative template preview
[1A[2K[243/285] [webkit] › e2e\preview.spec.ts:249:9 › Preview Page — template variants › renders professional template preview
[1A[2K[244/285] [webkit] › e2e\sharing.spec.ts:58:7 › Preview Page — no hash › loads /preview without crashing
[1A[2K[245/285] [webkit] › e2e\sharing.spec.ts:64:7 › Preview Page — no hash › shows some UI when no hash is present
[1A[2K[246/285] [webkit] › e2e\sharing.spec.ts:77:7 › Preview Page — valid encoded hash (store codec) › loads a resume from a valid base64 hash and shows the name
[1A[2K[247/285] [webkit] › e2e\sharing.spec.ts:89:7 › Preview Page — valid encoded hash (store codec) › shows the resume email in the preview
[1A[2K[248/285] [webkit] › e2e\sharing.spec.ts:103:7 › Preview Page — invalid hash › does not crash on a completely invalid hash
[1A[2K[249/285] [webkit] › e2e\sharing.spec.ts:110:7 › Preview Page — invalid hash › does not crash on a hash that decodes to non-resume JSON
[1A[2K[250/285] [webkit] › e2e\sharing.spec.ts:125:7 › Preview Page — no-account CTA › shows a link or button to build a resume for free
[1A[2K[251/285] [webkit] › e2e\sharing.spec.ts:139:7 › Preview Page — no-account CTA › has a download PDF button or link on the preview page
[1A[2K[252/285] [webkit] › e2e\sharing.spec.ts:160:7 › Builder — Share button copies a /preview URL › clicking Share button copies a URL to clipboard
[1A[2K[253/285] [webkit] › e2e\sharing.spec.ts:213:9 › Preview Page — template from URL hash › loads modern template from hash
[1A[2K[254/285] [webkit] › e2e\sharing.spec.ts:213:9 › Preview Page — template from URL hash › loads classic template from hash
[1A[2K[255/285] [webkit] › e2e\sharing.spec.ts:213:9 › Preview Page — template from URL hash › loads minimal template from hash
[1A[2K[256/285] [webkit] › e2e\sharing.spec.ts:213:9 › Preview Page — template from URL hash › loads creative template from hash
[1A[2K[257/285] [webkit] › e2e\sharing.spec.ts:213:9 › Preview Page — template from URL hash › loads professional template from hash
[1A[2K[258/285] [webkit] › e2e\templates.spec.ts:28:7 › Templates Page — load › loads the /templates page successfully
[1A[2K[259/285] [webkit] › e2e\templates.spec.ts:33:7 › Templates Page — load › page title contains "Templates"
[1A[2K[260/285] [webkit] › e2e\templates.spec.ts:38:7 › Templates Page — load › renders an h1 heading
[1A[2K[261/285] [webkit] › e2e\templates.spec.ts:44:7 › Templates Page — load › h1 heading mentions templates or resume
[1A[2K[262/285] [webkit] › e2e\templates.spec.ts:57:7 › Templates Page — template sections › renders exactly 5 template sections
[1A[2K[263/285] [webkit] › e2e\templates.spec.ts:65:9 › Templates Page — template sections › renders article section for "modern" template
[1A[2K[264/285] [webkit] › e2e\templates.spec.ts:65:9 › Templates Page — template sections › renders article section for "classic" template
[1A[2K[265/285] [webkit] › e2e\templates.spec.ts:65:9 › Templates Page — template sections › renders article section for "minimal" template
[1A[2K[266/285] [webkit] › e2e\templates.spec.ts:65:9 › Templates Page — template sections › renders article section for "creative" template
[1A[2K[267/285] [webkit] › e2e\templates.spec.ts:65:9 › Templates Page — template sections › renders article section for "professional" template
[1A[2K[268/285] [webkit] › e2e\templates.spec.ts:72:7 › Templates Page — template sections › renders at least 5 h2 template name headings
[1A[2K[269/285] [webkit] › e2e\templates.spec.ts:85:7 › Templates Page — Use This Template CTAs › renders 5 "Use This Template" CTA links
[1A[2K[270/285] [webkit] › e2e\templates.spec.ts:92:9 › Templates Page — Use This Template CTAs › "Use This Template" for modern links to /builder?template=modern
[1A[2K[271/285] [webkit] › e2e\templates.spec.ts:92:9 › Templates Page — Use This Template CTAs › "Use This Template" for classic links to /builder?template=classic
[1A[2K[272/285] [webkit] › e2e\templates.spec.ts:92:9 › Templates Page — Use This Template CTAs › "Use This Template" for minimal links to /builder?template=minimal
[1A[2K[273/285] [webkit] › e2e\templates.spec.ts:92:9 › Templates Page — Use This Template CTAs › "Use This Template" for creative links to /builder?template=creative
[1A[2K[274/285] [webkit] › e2e\templates.spec.ts:92:9 › Templates Page — Use This Template CTAs › "Use This Template" for professional links to /builder?template=professional
[1A[2K[275/285] [webkit] › e2e\templates.spec.ts:103:7 › Templates Page — Use This Template CTAs › clicking "Use This Template" navigates to /builder
[1A[2K[276/285] [webkit] › e2e\templates.spec.ts:120:7 › Templates Page — preview sample data › at least one preview shows "Alex Johnson"
[1A[2K[277/285] [webkit] › e2e\templates.spec.ts:125:7 › Templates Page — preview sample data › previews show a job title
[1A[2K[278/285] [webkit] › e2e\templates.spec.ts:133:7 › Templates Page — preview sample data › scaled preview containers use CSS transform
[1A[2K[279/285] [webkit] › e2e\templates.spec.ts:151:7 › Templates Page — anti-paywall messaging › page mentions Zety as a competitor
[1A[2K[280/285] [webkit] › e2e\templates.spec.ts:156:7 › Templates Page — anti-paywall messaging › page references no paywall
[1A[2K[281/285] [webkit] › e2e\templates.spec.ts:162:7 › Templates Page — anti-paywall messaging › page has at least one link to /builder
[1A[2K[282/285] [webkit] › e2e\templates.spec.ts:176:7 › Templates Page — navigation › has a navigation header visible
[1A[2K[283/285] [webkit] › e2e\templates.spec.ts:181:7 › Templates Page — navigation › has a link back to the home page or brand name
[1A[2K[284/285] [webkit] › e2e\templates.spec.ts:189:7 › Templates Page — navigation › has a link to the /builder page in the nav
[1A[2K[285/285] [webkit] › e2e\templates.spec.ts:195:7 › Templates Page — navigation › renders a footer
[1A[2K  2 skipped
  283 passed (1.9m)
